[2026-07-24 01:35:22] Waiting for 4×3 repeat evals to finish...
[2026-07-24 01:35:22] Missing (10): DriveLite A strat/Expert, DriveLite A strat/Smart, DriveLite B strat/IDM, DriveLite B strat/Expert, DriveLite B strat/Smart, Perception strat/Expert, Perception strat/Smart, MIXMOE strat/IDM...
[2026-07-24 01:35:45] Waiting for 4×3 repeat evals to finish...
[2026-07-24 01:35:45] Missing (10): DriveLite A strat/Expert, DriveLite A strat/Smart, DriveLite B strat/IDM, DriveLite B strat/Expert, DriveLite B strat/Smart, Perception strat/Expert, Perception strat/Smart, MIXMOE strat/IDM...
[2026-07-24 01:36:23] Waiting for 4×3 repeat evals to finish...
[2026-07-24 01:36:34] Waiting for 4×3 repeat evals to finish...
[2026-07-24 01:36:34] Missing (10): DriveLite A strat/Expert, DriveLite A strat/Smart, DriveLite B strat/IDM, DriveLite B strat/Expert, DriveLite B strat/Smart, Perception strat/Expert, Perception strat/Smart, MIXMOE strat/IDM...
[2026-07-24 01:39:34] Missing (10): DriveLite A strat/Expert, DriveLite A strat/Smart, DriveLite B strat/IDM, DriveLite B strat/Expert, DriveLite B strat/Smart, Perception strat/Expert, Perception strat/Smart, MIXMOE strat/IDM...
[2026-07-24 01:42:34] Missing (10): DriveLite A strat/Expert, DriveLite A strat/Smart, DriveLite B strat/IDM, DriveLite B strat/Expert, DriveLite B strat/Smart, Perception strat/Expert, Perception strat/Smart, MIXMOE strat/IDM...
[2026-07-24 01:45:34] Missing (10): DriveLite A strat/Expert, DriveLite A strat/Smart, DriveLite B strat/IDM, DriveLite B strat/Expert, DriveLite B strat/Smart, Perception strat/Expert, Perception strat/Smart, MIXMOE strat/IDM...
[2026-07-24 01:48:34] Missing (8): DriveLite A strat/Smart, DriveLite B strat/IDM, DriveLite B strat/Expert, DriveLite B strat/Smart, Perception strat/Smart, MIXMOE strat/IDM, MIXMOE strat/Expert, MIXMOE strat/Smart
[2026-07-24 01:51:34] Missing (8): DriveLite A strat/Smart, DriveLite B strat/IDM, DriveLite B strat/Expert, DriveLite B strat/Smart, Perception strat/Smart, MIXMOE strat/IDM, MIXMOE strat/Expert, MIXMOE strat/Smart
[2026-07-24 01:54:34] Missing (7): DriveLite A strat/Smart, DriveLite B strat/IDM, DriveLite B strat/Expert, DriveLite B strat/Smart, MIXMOE strat/IDM, MIXMOE strat/Expert, MIXMOE strat/Smart
[2026-07-24 01:57:34] Missing (6): DriveLite B strat/IDM, DriveLite B strat/Expert, DriveLite B strat/Smart, MIXMOE strat/IDM, MIXMOE strat/Expert, MIXMOE strat/Smart
[2026-07-24 02:00:34] Missing (6): DriveLite B strat/IDM, DriveLite B strat/Expert, DriveLite B strat/Smart, MIXMOE strat/IDM, MIXMOE strat/Expert, MIXMOE strat/Smart
[2026-07-24 02:03:34] Missing (6): DriveLite B strat/IDM, DriveLite B strat/Expert, DriveLite B strat/Smart, MIXMOE strat/IDM, MIXMOE strat/Expert, MIXMOE strat/Smart
[2026-07-24 02:06:34] Missing (6): DriveLite B strat/IDM, DriveLite B strat/Expert, DriveLite B strat/Smart, MIXMOE strat/IDM, MIXMOE strat/Expert, MIXMOE strat/Smart
[2026-07-24 02:09:34] Missing (6): DriveLite B strat/IDM, DriveLite B strat/Expert, DriveLite B strat/Smart, MIXMOE strat/IDM, MIXMOE strat/Expert, MIXMOE strat/Smart
[2026-07-24 02:12:34] Missing (6): DriveLite B strat/IDM, DriveLite B strat/Expert, DriveLite B strat/Smart, MIXMOE strat/IDM, MIXMOE strat/Expert, MIXMOE strat/Smart
[2026-07-24 02:15:34] Missing (6): DriveLite B strat/IDM, DriveLite B strat/Expert, DriveLite B strat/Smart, MIXMOE strat/IDM, MIXMOE strat/Expert, MIXMOE strat/Smart
[2026-07-24 02:18:34] Missing (6): DriveLite B strat/IDM, DriveLite B strat/Expert, DriveLite B strat/Smart, MIXMOE strat/IDM, MIXMOE strat/Expert, MIXMOE strat/Smart
[2026-07-24 02:21:34] Missing (6): DriveLite B strat/IDM, DriveLite B strat/Expert, DriveLite B strat/Smart, MIXMOE strat/IDM, MIXMOE strat/Expert, MIXMOE strat/Smart
[2026-07-24 02:24:34] Missing (6): DriveLite B strat/IDM, DriveLite B strat/Expert, DriveLite B strat/Smart, MIXMOE strat/IDM, MIXMOE strat/Expert, MIXMOE strat/Smart
[2026-07-24 02:27:34] Missing (6): DriveLite B strat/IDM, DriveLite B strat/Expert, DriveLite B strat/Smart, MIXMOE strat/IDM, MIXMOE strat/Expert, MIXMOE strat/Smart
[2026-07-24 02:30:34] Missing (6): DriveLite B strat/IDM, DriveLite B strat/Expert, DriveLite B strat/Smart, MIXMOE strat/IDM, MIXMOE strat/Expert, MIXMOE strat/Smart
[2026-07-24 02:33:34] Missing (6): DriveLite B strat/IDM, DriveLite B strat/Expert, DriveLite B strat/Smart, MIXMOE strat/IDM, MIXMOE strat/Expert, MIXMOE strat/Smart
[2026-07-24 02:36:34] Missing (6): DriveLite B strat/IDM, DriveLite B strat/Expert, DriveLite B strat/Smart, MIXMOE strat/IDM, MIXMOE strat/Expert, MIXMOE strat/Smart
[2026-07-24 02:39:34] Missing (5): DriveLite B strat/IDM, DriveLite B strat/Expert, DriveLite B strat/Smart, MIXMOE strat/IDM, MIXMOE strat/Smart
[2026-07-24 02:42:34] Missing (4): DriveLite B strat/IDM, DriveLite B strat/Expert, DriveLite B strat/Smart, MIXMOE strat/Smart
[2026-07-24 02:45:34] Missing (3): DriveLite B strat/IDM, DriveLite B strat/Expert, DriveLite B strat/Smart
[2026-07-24 02:48:34] Missing (3): DriveLite B strat/IDM, DriveLite B strat/Expert, DriveLite B strat/Smart
[2026-07-24 02:51:34] Missing (3): DriveLite B strat/IDM, DriveLite B strat/Expert, DriveLite B strat/Smart
[2026-07-24 02:54:34] Missing (3): DriveLite B strat/IDM, DriveLite B strat/Expert, DriveLite B strat/Smart
[2026-07-24 02:57:34] Missing (3): DriveLite B strat/IDM, DriveLite B strat/Expert, DriveLite B strat/Smart
[2026-07-24 03:00:34] Missing (3): DriveLite B strat/IDM, DriveLite B strat/Expert, DriveLite B strat/Smart
[2026-07-24 03:03:34] Missing (3): DriveLite B strat/IDM, DriveLite B strat/Expert, DriveLite B strat/Smart
[2026-07-24 03:06:34] Missing (3): DriveLite B strat/IDM, DriveLite B strat/Expert, DriveLite B strat/Smart
[2026-07-24 03:09:34] Missing (3): DriveLite B strat/IDM, DriveLite B strat/Expert, DriveLite B strat/Smart
[2026-07-24 03:12:34] Missing (3): DriveLite B strat/IDM, DriveLite B strat/Expert, DriveLite B strat/Smart
[2026-07-24 03:15:34] Missing (3): DriveLite B strat/IDM, DriveLite B strat/Expert, DriveLite B strat/Smart
[2026-07-24 03:18:34] Missing (3): DriveLite B strat/IDM, DriveLite B strat/Expert, DriveLite B strat/Smart
[2026-07-24 03:21:34] Missing (3): DriveLite B strat/IDM, DriveLite B strat/Expert, DriveLite B strat/Smart
[2026-07-24 03:24:34] Missing (3): DriveLite B strat/IDM, DriveLite B strat/Expert, DriveLite B strat/Smart
[2026-07-24 03:27:34] Missing (3): DriveLite B strat/IDM, DriveLite B strat/Expert, DriveLite B strat/Smart
[2026-07-24 03:30:34] Missing (3): DriveLite B strat/IDM, DriveLite B strat/Expert, DriveLite B strat/Smart
[2026-07-24 03:33:34] Missing (3): DriveLite B strat/IDM, DriveLite B strat/Expert, DriveLite B strat/Smart
[2026-07-24 03:36:34] Missing (3): DriveLite B strat/IDM, DriveLite B strat/Expert, DriveLite B strat/Smart
[2026-07-24 03:39:34] Missing (3): DriveLite B strat/IDM, DriveLite B strat/Expert, DriveLite B strat/Smart
[2026-07-24 03:42:34] Missing (3): DriveLite B strat/IDM, DriveLite B strat/Expert, DriveLite B strat/Smart
[2026-07-24 03:45:34] Missing (3): DriveLite B strat/IDM, DriveLite B strat/Expert, DriveLite B strat/Smart
[2026-07-24 03:48:34] Missing (3): DriveLite B strat/IDM, DriveLite B strat/Expert, DriveLite B strat/Smart
[2026-07-24 03:51:34] Missing (3): DriveLite B strat/IDM, DriveLite B strat/Expert, DriveLite B strat/Smart
[2026-07-24 03:54:34] Missing (3): DriveLite B strat/IDM, DriveLite B strat/Expert, DriveLite B strat/Smart
[2026-07-24 03:57:34] Missing (3): DriveLite B strat/IDM, DriveLite B strat/Expert, DriveLite B strat/Smart
[2026-07-24 04:00:34] Missing (3): DriveLite B strat/IDM, DriveLite B strat/Expert, DriveLite B strat/Smart
[2026-07-24 04:03:34] Missing (3): DriveLite B strat/IDM, DriveLite B strat/Expert, DriveLite B strat/Smart
[2026-07-24 04:06:34] Missing (3): DriveLite B strat/IDM, DriveLite B strat/Expert, DriveLite B strat/Smart
[2026-07-24 04:09:34] Missing (3): DriveLite B strat/IDM, DriveLite B strat/Expert, DriveLite B strat/Smart
[2026-07-24 04:12:34] Missing (3): DriveLite B strat/IDM, DriveLite B strat/Expert, DriveLite B strat/Smart
[2026-07-24 04:15:34] Missing (3): DriveLite B strat/IDM, DriveLite B strat/Expert, DriveLite B strat/Smart
[2026-07-24 04:18:35] Missing (3): DriveLite B strat/IDM, DriveLite B strat/Expert, DriveLite B strat/Smart
[2026-07-24 04:21:35] Missing (3): DriveLite B strat/IDM, DriveLite B strat/Expert, DriveLite B strat/Smart
[2026-07-24 04:24:35] Missing (3): DriveLite B strat/IDM, DriveLite B strat/Expert, DriveLite B strat/Smart
[2026-07-24 04:27:35] Missing (3): DriveLite B strat/IDM, DriveLite B strat/Expert, DriveLite B strat/Smart
[2026-07-24 04:30:35] Missing (3): DriveLite B strat/IDM, DriveLite B strat/Expert, DriveLite B strat/Smart
[2026-07-24 04:33:35] Missing (3): DriveLite B strat/IDM, DriveLite B strat/Expert, DriveLite B strat/Smart
[2026-07-24 04:36:35] Missing (3): DriveLite B strat/IDM, DriveLite B strat/Expert, DriveLite B strat/Smart
[2026-07-24 04:39:35] Missing (3): DriveLite B strat/IDM, DriveLite B strat/Expert, DriveLite B strat/Smart
[2026-07-24 04:42:35] Missing (3): DriveLite B strat/IDM, DriveLite B strat/Expert, DriveLite B strat/Smart
[2026-07-24 04:45:35] Missing (3): DriveLite B strat/IDM, DriveLite B strat/Expert, DriveLite B strat/Smart
[2026-07-24 04:48:35] Missing (3): DriveLite B strat/IDM, DriveLite B strat/Expert, DriveLite B strat/Smart
[2026-07-24 04:51:35] Missing (3): DriveLite B strat/IDM, DriveLite B strat/Expert, DriveLite B strat/Smart
[2026-07-24 04:54:35] Missing (3): DriveLite B strat/IDM, DriveLite B strat/Expert, DriveLite B strat/Smart
[2026-07-24 04:57:35] Missing (3): DriveLite B strat/IDM, DriveLite B strat/Expert, DriveLite B strat/Smart
[2026-07-24 05:00:35] Missing (3): DriveLite B strat/IDM, DriveLite B strat/Expert, DriveLite B strat/Smart
[2026-07-24 05:03:35] Missing (1): DriveLite B strat/Smart
[2026-07-24 05:06:35] Missing (1): DriveLite B strat/Smart
[2026-07-24 05:09:35] All repeat evals ready.
[2026-07-24 05:09:35] Wrote /home/fanyuqi/wsc/behavior-bench/.logs/train/run_repaet/repeat/result/repeat_vs_first_summary.md
[2026-07-24 05:09:35] Wrote /home/fanyuqi/wsc/behavior-bench/.logs/train/run_repaet/repeat/result/metrics_main.csv
[2026-07-24 05:09:35] Wrote /home/fanyuqi/wsc/behavior-bench/.logs/train/run_repaet/repeat/result/metrics_attribution.csv
